// Vitest Snapshot v1, https://vitest.dev/guide/snapshot.html

exports[`seed crypto generations main-seed 1`] = `
[
  [
    "JuQrsHqZLOzxvtAwGyKME6U2BCN9DF8ITgR#5VP-S4)X1W}Y^0",
    "0WBsPq2CJOvrx3DwNGtuQAFyzKEMTL!HIVZ$?&USmXR@1i8Yf4",
    "(PEC8yrHsKtxFDpq0wuNvBAzJIOMGTR^LQX12S7ZWUi&V@9f;Y",
    "DrQyuxLIHtsCJqNFwvG_OZzAbRBME13V7WSK[8TUP.!X29Y0*6",
    "U!BRuIxvJGzqHA[yrstQOwENCSoVD(F)LKPbMYZW.^T6X49h23",
    "NsrBy^zqgxtLATvXEu:HGwFIC8MDYSKVOPJ&7RZQU=a15W4(0@",
    "zqxFPOTB2GyCRrvNstwuAKH?IUDQ3EMLS|J#!Y]ZW&4%VX61@8",
    "I6vHCsEqGuxXrwt4AB:3DyzRONKUFJ#VPSMLQY2)T79?k$1W%Z",
    "zOLCBsqFrHvAyE6I5tuPwGxXQUD@JMNR)K3YVS$T8-#01[W7=4",
    "HtDZuzQ1swvrqxKRTFNyEMAJB^[CVUG8LISO4YP*]607&XW,e9",
  ],
  [
    "xU8qrGsuKJDwYvztFLBP17AyHCEO{=IMX]QRN!|W^VTS2Z9&40",
    "rSJqKEHxwtG9nsBC@AvuDyz4WIL3O%FZMQPN0T(VYRU7pX2g*#",
    "XtuNw4qsCkUGrDyxvKBPAzIYEFQ3HROJ0@ML1|>TWV2S5$!Z{e",
    "qvUxsftw8BKGIFrzAZyuDME0CHLJSP2N+5RYO(Q4XT1[V#*W36",
    "sGIzr9vq6uCdVAHxytJSBwPFDUKNLET3MYOR#WZ_eQ<8[0X742",
    "sMG2QPCuJvUOrBqxIztywAFDZEL^60HK@SY1RNf7V(XT$8W%=3",
    "IstHyzGBSwrAFqTv#uxEUCKROD5M0gQJi!aLNVW2PZ6498Y1X%",
    "KLsDRz2xqtOuXbGrQHBwvUyCAnIEFTSJM48P90N3=Z-V!7YW$1",
    "HAxwEPX6JtNqs1vurKDBFyCGzS#_4IL@8QOM-VRnU27T3W!YZ0",
    "yGwtHKIWrv(z@xqu*sCDFBAL1EUS-,6ONMJVR7QZP2XjTY54)#",
  ],
  [
    "2FH0QMywrODqtWsxGuvKATPzUZBCEIJL*S#XN9R[5>^4oVY%7@",
    "{UzyEqXs@4tTwJvCruGBx9FAOMPZDINHLK50QRYg72S1VW*#+i",
    "IBqyDZrGuWxSEvsM1KtHwCzANFLPJ3RYQ#7];OT$6U98mXV2&_",
    "WDItHqNuwZvs0rzBGASVExy=CKJ}F1-U*6QOLMPYTXRo5#@729",
    "MrAxNFnQtqvo[EYusyTwCKBzD4GHW!IPOLJ7$2S@1VRZ9UX853",
    "D9rxqz#swUEuvtCOH;MyRLA?SBKFJ%QGPI2N*W1T}$=XZ6VY<-",
    "rutNoZsLUxqwFyDB=HzGvCJSOAVKIE{M$T5Q@W6PR712!Y4&X0",
    "EzHAQsLDWqtBCryGxuwIvFNOTKaP*MkVJS502^8Z-RXYU#1!69",
    "$IMxvDAqswtH[rGZyu&JzCFLE0B!OUK>4PWRQSN-18VT2,@YX*",
    "rNotDqCAxSIuy2vEFsw!LH8zMB7OiGPYTKJZ#6=Q?RWU0V_1Xe",
  ],
  [
    "rH^EOxwzutPqsvZ2AGXJTCyIDFBLSNMVQWRKU8j5160$]Y_#9[",
    "vSyCEztqBFrOsxGTDHwuMV[AIN3Q4L*RJ6K]91-PYW8XU$5<27",
    "0sBDCqtxvJEyIwOruFG3VzPW1ATH2QU$KLR_M!N:#(ZSY@=4X?",
    "utYr%SqsT@yHx0vBCwJOA4EGz6^IDQF;UKLRMN2PV9W*X-Z,|g",
    "uTsrFLvytIqXPAZUKDzBwxWNECMHR^GSJ,QO3e]1j90Vd!2@Y4",
    "gtuvrYABFqWHDs{wRyxO#NCIzLJKEGQZSX!PMU14,3TV2%&@90",
    "zLFjvqBCtrEwuKXyRs1GTxADMJP^NUI2H0&kO-WS[QYV6@$354",
    "7E8MyDKrBFqROIsutxwvCP0z3AQ-GiUXHJ]2LN#S41TVZW5Y6l",
    "FTKHwuqcsvyrL0BEtJOAYxMRzD3CSNWGhIPU2(94Q1VX6Z;!5<",
    "ystWD1qU!xr9[GuvAzBRw4CLKHJEIFM2-V7NOQPXSTY08^3_Z#",
  ],
  [
    "OqwrJDtxy_us3vAM|F+BGVzHEICPL01NKSW96TQXZ2R}U%)!Y*",
    "uCzxqWFYtvIPAwr7s1DTByUEGlJMKNH9LZpbfQORV2_SX4]3k0",
    "rILFvsuyDt=EwJqxBAXCz6!N4HWTGKSZUQP5MOR*$V)Y0_7m;8",
    "EuxVLFADyBqIN[rsSvt1wHCzQGXOJT$MY;K3@RWnP^ZU%&05j8",
    "PDsMyBlHJvtExrqAUuwXz<C3NIFG5o7SQVLKeO2!&RWT1^ZY0-",
    "rTGCquPJtAyxwMBzsLvU.5KEFD9QH%NI2ZR*@3VOS!4XWY10?+",
    "PLSwEHtvx)sVqyrQTZCuYGz1ABJFDN6IK5>ROM$9@XWUc28+(g",
    "qBW)rvE7uy^wtH5s|PAGx3DzI8CK0FVLJMRNXTUO1QSa$!4[Yl",
    "s!nvrCtEqRLyBuDAHwxGzFQ0P4IOdNJKY1MW)TS35+*V}UXZ(=",
    "^wRx3zursqOCQAMZyBtVvDFH01EIGNJK)PLW(;UT6SX4259$aY",
  ],
  [
    "Dsvq0BMwrESFxyA}utTR|z4GIJHCPVW29KLONUZQY%1-(:X!_3",
    "zyBVLCE65Iwtsq=rvFux4KZAMOTRDGNHXQJYP9@WiS^a+U0f21",
    "uqrA05xItzyLsPFvBKOCwNE9QR7DJGW#HM2S;@VUT+X83:}!ZY",
    "x0NG^ALvrTstuwq)ICZyJz4HOBE<DFRPYMK%VXQfW5?SU@!7,1",
    "xAyuCMSqrQsoUtRWEGBvw7zFNJLHDOP?IK&#!VY1Z4XTl(%602",
    "vqNxGy(rAJswtTuCVIPXFO1DzBER}KLQHMSl7WnZ05UY#]8|-9",
    "1tFGCVK!yrxIzHqwNsvuD5MATB=E4S%ZJP*QLOYR2@X{U)W(30",
    "IsDrBGELzwQJAuq!xtC@vyTZH%[XF3RMK0PONYUVS61W+8:$2o",
    "wGFysHvPDq5LK@ArYNtuxEBzOCXT:MJIVp#WZ&0SRQk8U>3!^{",
    "wPzJsDrSquy$OFAxUtMvBRELCGpKIXHVQ#T25NZ386i%W^|Y01",
  ],
  [
    "FDXvtxruyJN5sMqBzLIwHQASCERG!@KP4W[oT3O0]8$1VU6Y9g",
    "OAH^JwqFtGxsvEuRrVyBz1NU5IC0DPLT_K#Q7MYX6bWS4(=9pZ",
    "yzrAqwtBJ7uOGIvsEHxYDKTF$CPS4ULWMQNR{+[%Z0X1)&V85;",
    "NtxHlVvuqAF^rwszELMyBDCU07SWG9KIJXZRQT2OPo3@#Y!81%",
    "NJIwxrstqHTuZG{BvyVzQCA^XWFEDU3(0KMOL2SmPfRY-7$#9@",
    "RuAvzMSqtBTs$xyCrO3JwH+DUFG5NEKXWI<PLZ82QV@Y%)61#[",
    "EqCH1lNswFrAQIyDuvtzBxOXG:+KMLP6@J&W!3#RTS=Y0UV>84",
    "rxysKIMtVqAH+vFUuGwCDB:z3ESWX(8JNLfPiYOQR0T2#Z475*",
    "bwG5XAIxr{qutOM$sLBDvyzTKFCHREQS9JPN@;U1W846VZ0>2Y",
    "qADjOINBxyvCuGsQrwtTW23LzEFKHR^JMZ*S8@P#$XU1l{VY.]",
  ],
  [
    "qFzvQXUsJCtAHurwKBOxGRy_WpDVE2ZIN7SlLMP(:T10o@3Y$4",
    "FtOKCPqvNusTHzExrXVwIy,BA9MJDZGL{Q6S7c$RW283U04&bY",
    "GFqrx&tu)Dw%sv3LRzyKBIASEHCJMO6NV!YTQ}XPZU#71.5W02",
    "Hz@EIwR1suqrPAtUyxTvDSF!ONBC])KGL$JVbMW&4Q2Z5:0X9Y",
    "rtJA&UxCswuySqBTzGvYDXLFE9H2P3MI+0KNQORW>^V4[@p8%Z",
    "YMuqrDszHFBItvAGwxJ3yPCW-E{XLNTVRbKU=O0QS1$Z978!25",
    "OyUu5Jw0rGEsKFqMAtzCvxWBNHD8#+IZ(LQ%TSXPplRV692Y@!",
    "sDOAqGwrWKuRC8txvHULByI(zFQJYES!4M1NkP)5T{mZV0#X^*",
    "GsP4zMYNFutqwxvDrJO8AEByC%_I0LTH2RKUVSn1XQ9-!<W[Z:",
    "wGsNrxBHvET^ySqtDJAuLCO4zFRMQX7VUIK1Z*Pe#0<8@=[WY!",
  ],
  [
    "tzeDI4vYjJxsuqBrVCwyEPF!RA3MHQGKU#ONL:W-TSi,8Z[5X1",
    "EANtwuq+GxvFsOHrBKz1y=5PDCIJXQ0M4)#LT|%SZ@RU3VWY.8",
    "vzAuyHBE9JxTrqGQsDt60wYXCNeMLF4VI-KPUR!O87$S5W+)32",
    "ULrIHvAsyqWtFwuzPxEBCDN2JQ3M6@TGVK+4iXOR0|S*%(Y!5k",
    "AqsHwLtruOBMvDQx&2JICzKyVXEN-FPGRkU:W_T#Si{Y096$Z%",
    "t7IjuEgCrLGMqvwyxszKATDXBWYUm8FHJR9SNO6QP_40V3}-Z5",
    "ywDqr1vMzJxBQAuTtsF|W9C=PEVRGIHL@$5KN3O%ScYUl6X2{Z",
    "yNGszAqwuRKLvxrDWtMCFZQE2HB*TPI.1JY!V5O0S}6UX{p=4$",
    "%PrwGvtBNVKqWxu#sMy,zXFDCAIJE64LHORaU9YTSQ1+05Zl7)",
    "SAtPyIrqQw=KuJGxvsL,B|XDzCMFE[RNH7U53OdT6Z*VY@W$2#",
  ],
  [
    "DsLuvH9ErBAQMCtq6#ywPxzUGSIFOJoKN52$T@pR]XW:V1Y)!0",
    "LZMs7qJKEwBGr5vtIuxPCDyzVANTFHO;8R3S)6Q:U}4WY1X>0-",
    "EuAszQYrtOFUxCqvwS:yBDIJGMLHZN$5KT7?R1^Pc2fW;)V+X0",
    "qouD5AytVHsr2Qz1wCvMxB!OmEIGJNFKP9fYLXSRT$U@0Z]W-3",
    "qrxsDtIwVC1uyR]vHP:OGzTABLE%YFUQKMJhNZ|W,7S)3@52X0",
    "tzAyMEvqR4wruxsOFHPB[G9JDSNCKT7|I+(QLYV0X3ZUW862k1",
    "EXuwtWzBrI3sQvRqDLCAJyxF]SG(THZ0KNM!25OP&U1Y7V%^@6",
    "Qrya*IAxGszvqwDOtMuBTLCN6FHJYEWKmR81U4P2XS5V@3=0$Z",
    "ruwMxzvAX9qsRGD@BtJyF$YCHL7)E!IP3TNKOQ6VZ.WSU#[05^",
    "wyBJFzmvEIGsxUqrDutCNM>HAReXPLK2O4YQS|<VT!WZ3l7_$8",
  ],
  [
    "tsqrEHKCFT9w1uxG2vzAYLyUB#JIDRN7PO%QWMV8X_@SZk-60^",
    "zLBKsywSrMuqxZCtT5GDvJVAEHX_F6I!:OQ0[NRP47gU%WY21(",
    "suAxwMHFfvtGKrBqzR8OJyIDCU(EWNLT3XZV0-1QP,!SY)2^@4",
    "Ar4PSzHWOqyEtw8vsuDVFJxNBCRI32GM!QLKZXU1mi9YT#;5%_",
    "CGtzv%8FrOq(HBysDAQuEwxS3LI2TJKWM[4|7YNRPV^@!UX0*Z",
    "qJGHzKDwBxsLyru_Atv%6SFN[ECUX&P5MI!hOQV1ZWR0T4mY82",
    "stCNzAVHRxqwSBvrEP4uGyDMFOUK8>ILJXW,YT5Q06k!31Z2=%",
    "DFyOxzZsrWCItEwquAv_BLR@GJ3TSPK1H07MYN#:VQUXl*!45]",
    "yJq8vrx2BUTCwDuWsFtzLE0!AMIS+GOHYKR35NP=-Q4X9VZp7m",
    "zvXHqC$t%wuPsF0Bryx7LAO#EGMDIRKYJ5UeQN6TV@8S9=W3^Z",
  ],
  [
    "w2KZrDtvGQ=uqsIzxPAV1BJy!CF<MEHSN-XLO#Y*TR0U]W563@",
    "8zJutyvqCBDErwFNs0A&TxHRILK9Q6G{MZUX*VPO-1SY5W%!24",
    "Kzxw@0yODtnZrsqCuAJvB9LYMQI{EGFWH-;=STNPVR2U3X^)*>",
    "5yrNzswBqI$AGv!EtOuMPxFLHCD4YRJKTcZV>0#QWX1S&U%6;3",
    "rHStuGszB_xJEv3qwDLQyFAKCnN-RMPIWZV2=O#!TU1@Y$0X4<",
    "rlwuqsGxU#T7EztAvMy05BIJDO&CQHFYZLKNPRVS=96X%!W83:",
    "SvxszEYuCwrtFBqyLA_^GJTHN9RD2PVMIK8(?W7OQ5!U)6@1XZ",
    "VvPFyq7uGtLMrHw(CszxIJ4=ABXODE6NKWQS3[U5RT.9<Y02@Z",
    "7qsrGzCjVEJDtwHLuxFvAyS@0YBOKI%9NPRMQZ8W3UT4]15Xm&",
    "ysXrDqvtG6wuBNAHIKYzPxCF(RJSEaTO7M|0L5Z9WQ+1VU&%@!",
  ],
]
`;

exports[`seed crypto generations secretSeed with parameters 1`] = `
[
  [
    "PNrXsxCqUVu%vwDty;zEA[BIFJO04@HG)RLKYMSW7Q*}T?(253",
    "sEtOF1uAqKvrL[GVBwyxzM2IDPCNYRJZHS9eT07U5Q.)$X3W^#",
    "vZys0JDArux6KTYqwtECXIHBzFMO4SQGlNLR5W3#PUV7a8)19!",
    "DwyYxHqAzsBE3vutrRFG(LKX2I!CTW0NOVJ%PM6:Q*SZU$&97?",
    "QuHsrMXxqBzFtN4EyvDRJwAI1CUTnKWGOP$_LV75S*623Z&@Y!",
    "wIs2AyuvDG-xCqRr@t:KzNLME^BZUOFJHQPS}>!14T9VXYW053",
    "GBRvHzPruFAwqst_x;$EVMDyN@C5JKL0ITOQYU9S2!o3XWZ1j8",
    "qEIywturACs!zvxDKB0UHJ^XFLGYpOmNMQS$W#63PRVT1)Z95@",
    "DPxJzuA2rIqw%vGsNtBQ*yCEKSUF=LH6TRYM37O|hV;?WXZ8$5",
    "QyKqtGsEuxHzrwPC|vBZLF]?XAD#JIS0YMNT@ORW6Ui_V}21+3",
  ],
  [
    "AEqytxNVTYrvsPuQDwWzMJLCBFjHG!I7O8KUX4^k5R)S]-&f10",
    "EwvsqxTruMy+zYOIFDtACJSU)0B:LG7QHKN83RPX{@1VWa62>Z",
    "qOu6gwMCPEAFsvtrzJxIySHBD0LTGUYK5NQ7+%RX1cW2ZV.3{>",
    "qwEOtG*ADrCsuzKvPy1JBSxQNHWV4FZI5TMYL0UX8R2|}_n[76",
    "jRPrwNSvotEHqJCVusx=yz2BAZDLFU#GI8K05MQOgX9YTW1!)h",
    "$zEgIysJrHvxuqtDPGwFZLACBkMTR40QNSK)37@OV-U18X6W5Y",
    "FqTxsur7&vHw3tzADIyECUJ1BG^NXK%)RQOMLWPVY!*S29Z4|0",
    "zuyq#sxFHAtrTEIBvDGPwWMZUCNOJK4LQkaiV3XSR1&%0n!78Y",
    "LFvqsS^nuNEwWPCzrt7Ixy+ADBJGHX-UQK21MOTR3)V4Y{Z%0@",
    "wrx9SKuLsZBtzHqFvAIEJNy3WC$DOT7G}RY.MPe1[QVU!X260=",
  ],
  [
    "GryqsNtwVCBD3uOAEMJ9vzx>8U*2IFRLHj0KW&SQP4Y^TZXo6]",
    "GCsrXKwtIvq4zF%BLJ1uyHxDA0S3OENPW5QU7MR9bZTY,#V;6-",
    "wKDuFPrsxJZvzC$qLtOEGyA#TQBMH4;IW]@X7NU8VSR2f^Y1!0",
    "EDOvqzwILAy+urGtsB0xPNFCQW7MHjJKT)1ZR63<V2S^U-9X!Y",
    "yq^rsuHBES)zF1tJ|DxwvGWAVL#CKIQMU0N5P!OR6X84TZ(g_Y",
    "qtZzuCDB@SRHMvXrysYwAxGLWJFE2IKO_+75QNP^TU0V13[(69",
    "t3NxzIvVryuLGsqES6OwCD#BA2JTHKF+M0*Q41PRWYXp&U?cZ7",
    "TyvHsrBuEqFw1YDztJAROIxM7@CG!LS=K5UQfVNP*0;3W2#ZX4",
    "vBUFsVJwxtrqXz{uCyWAKOG-LENIDMYHSj0T2Q=P1RZ34@8[56",
    "rCAuBqtZyzOER1sw3D9WvHxVJQIKUFPG6SbNLMTle02$XY4}57",
  ],
  [
    "rl7CByqvLIG2FPUtMsuTwx8DzAOHE)J41KNZi-Q[SRYW*3V0X(",
    "IHAqyzO(tBrKw1Ysuv@TxDFEiS3CWLGRJMXNVQk5PU648Zc)9g",
    "JyDwUCVqsTrH-tuFvBzx=INA*:E8PGLKO0MQ3SW2R91#[7XYZa",
    "wAJKuPGvqEsTQ&rFx1tN$zyHBCLDYIl0UVOMW8jXSR52Z7%*3^",
    "vy0EOHrCFGuqtS8KswAxzBMDNI|5UZLTRJVQ@%PYXW!_7-g34*",
    "sqFTZrt%DyvxAwuCPRUSGEBNzILJH!19XM0KVWQOY*4;2(75[{",
    "YGSBPrNKszRwUquALvtIDxyVHJCEZXF91>:QMO(T]d_4%W+;70",
    "yBtxGKqwAuTv2sJ4r5E3HWzP@MDCF#UIL_SRONQVX?^98YZ)01",
    "s2HFCqDrtzuSv*wxyMKO!BIAWG6EZJVNQP{L%TX0UR791Y^-&5",
    "uwoiOBv6zQxAqDrsPKtEGCXyU3YFNJRHMI8L9S.7l40WTV1$Z%",
  ],
  [
    "DSHuxJNwlAvWtqsGrFEyUIBRzM1C3KZ]Lk6P@O#^TQV5c0Y)X-",
    "GvrywuTBszPK(tqIYA@H.RxCJFDQE0LOW]Mc1N#3VUS*Zb!%X4",
    "AgCMs1vxwOqFJuWrItRVzKyBPDG9EQ8H6N|4L^YSXT0Z2U=7{_",
    "KIxbMrtuAzEQvqV-wsYFXy]BCSDPHJGWL7O42*NRUZTl51(386",
    "qbNrMtyZwxQuJsCIBSKvzFGADH%2{E^=TPLUORX03VYW*!6.}g",
    "wxAsuv2rCtSP7E4qzBONyJHYFGKLDMT6UIW3QXV15*R8Z_$0&%",
    "wYAqtGSCvuLHsI7rFByRODxEz[QTJ1K|PUWZMNV8!03^X]54%@",
    "PWysJzr#YSvqAwxZtu2CU$E*DBFITKGLHVMRNOhoQc!64X@0(3",
    "CJzP9wAZLRrxtqBsuvFMyGEKHNOUD1I20$>V4T5XWQ%S3Y8fp@",
    "xGDwMzuoyIAqsrSvt4V8EBFW^5CJKN2XHYPLUQROZ@0#Ta([9{",
  ],
  [
    "wIBrqAKztSu28xMNsUvDG|>yFCPfJELH4$OjXR)QT65V!YW1;Z",
    "KAz!Orw@SBtGvqyxsuH=IXQEMCFUDLTN&0JVYR_Pf2^1Z-oW9[",
    "GK1ACxBsP$wyIvqrtuDTzHFJYLVZE6MN=O4X0W@>RQUS8&e(5^",
    "vuyRJtsrIEPqQwOTBG*xA<6CzFDZH.=MLNK$SW51{bUXV90n2Y",
    "qwHKztRGvACsrXVMyuYx7DBJEPIU&<FLQNS!T1}O2^)W48Z0(5",
    "wAERvLsrdzDxqyPGCut$S0N1BHZIVTFJMQKU3O}9Y&^4_6W@Xi",
    "rwqtujAD!v=CzBsOyNIxG2JSQHLKEMF0.36R]@PUTVWZ$YX)14",
    "RCBEDzuytQAq0PrFxswvS9V@ING6KLOJHM5}UWZT#1fYXi28-.",
    "FJBwxCtEuKsr+zqDvLyQG*@IVAWO3HPS$R4NTM(Z^mU}6)5YX0",
    "xZPKLwXtryAWqvzsBuUH9MF?REDCGJNIS241&YOVQ7[_T3!{0k",
  ],
  [
    "zCAqO9vurKtBD]xJHsw=Q0yFGEZM5LN4IP%23TS&XRYWU7V1|#",
    "LrDuABKQswICqt5JvPGFxRHyz1EMZYVO:T3N7U2-XSi#6>]W%&",
    "xuv0qANbwBYtrGsZOPzDUJ5yCF1LEWSHKIX!QM4R|[7@T)V2,9",
    "BRwHPDrqstyGxC1UJ4EuvT3zAIMF-KLNVQZ0aWO!=9*S$Y8@X6",
    "vVresqzGQuEDwCBtyxAJOFS5^P0M6NWHKILY1$42R!T9U(X7)>",
    "wYsFRqUvyrCAHtNExDLu]GMBz!ITXKJSQ6oP4$O3&}701VZW|@",
    "MH#Ayzsqu@BFcwrtERDvKWxJUTC0GOS1IQPYLN9.ZVX57e&j}m",
    "JIFtwCvTGuAsrqMKOxBQXLzyDE8+W;HPNRaZ[4SY2U7V0)$5!.",
    "1svUXzqGt_uIrDB3FCJAwyxLMEH02#NQKOZPk5<T4R&S:WV$Yl",
    "xvEXBKQWsqRturzLMCFwY<SyDAGI4NH0(^JPUOT!Z1$6,V#287",
  ],
  [
    "$LFsRTyOzvqtCrEPuw58NxZDBAJQ1HGV9IKMW0@_S%2U!YiX6^",
    "0vsz3ZrcwtuYAxQqBRM#INDy?C5HGEFLK7JPnTOWSU-X&V$@2;",
    "vxyt4GQSzAEqIZrs1uCBwXLK2$FDOHMJlP%5^WN3R,67TUV(0Y",
    "ws6EDGvHxWrAqt#z&QuyFKCTOVBoIZ2JMLXRPNS94Y!:U*31d0",
    "N1svXwrx_LqAy*tBuEGzFHSJZYC8DRIOKPVQMT:j9#Wo$Uf@02",
    "IR9yBsuPwArFDGqtzvWOCJx(E{YL5HKNTM$602ZaSQ1UXV84*^",
    "aPx%6ArwCuvYt2OqsKFzB4RyILETDHGMJ8$WN!Q7*S]V1UXZ30",
    "MPJCwxysuBrqIX%vzt5F4EHUANDL7GT1OK#RVSQW@$(28Y0&-]",
    "tyDvHOwAGqsKPFW$rEuxZ<CzBTXR&JNLMIQ503g4SUVj2618Yk",
    "CqHzXwGutJr1ABPvs;E&x}yFMD%LVQKIiORYUWN*!#ST@Z7425",
  ],
  [
    "uwrxBEDv(L=ysqItzO:A75KHCGMJWNFRP%V9SY@UQ#1T42X08^",
    "Nrs8ASDIvUx5tRquyLG6BwHzOMCKPEFTWJ29&1$l{QVZ30Y4X7",
    "qsKrCUvtxFyuAw4IHGDRJPTBzOE?eMQS;LXZW$N8=2V913Y#&0",
    "FyNWtrRqEuDKZsvxLQCzAwSBdHG4MIV7J,Y_UO5P%T;$10^@Xj",
    "UFGzsrvBEPw9tNxqMAuyDRIHV*%C15KJQTWXL@3OSaZ2-Y47=f",
    "EzMursLDCUvyq*8)twxHYJAKBI5GN3FSP%Q2OWRV0+Z9Tk-X(1",
    "JECs2VHuzvRtQIAqryxwBTOPZX)GDF@KLWNM0^8S,$3=U5#(Y-",
    "sO7qSDxCtyuTGFrvBEz9w1AKNMRPIWLH%(J)06Q*U2:X&YV4aZ",
    "uypnzvtwBqxCrsEFN[IDHAGVKLO-J@$W0SP1M8kQTXRYU56Z7]",
    "s4utQyvKYrxDqwB@M]CEOJ!zAF2LIG,#HPUNkSV*WRTm0X:+3Z",
  ],
  [
    "tqyvCDxYWFrSsBJwZuAI#KzPQG0-6EHMNLO3V*7]R4T!U1&<X8",
    "Ks!NJCrwBvtA9qOVIHzu=yxGDU7FYERL5W2M*Z0PQTXS<34};1",
    "0uLqwCyHrvtxEWzsGFBAD_>JIMPTQ%K-O$RSUYN7ZV8h(92X41",
    "DPwvBQFGs#qTrYtOuIzECVxy3AJKNHZL7f;RhM21USW:6X-*!o",
    "tzROqGwuDsP1UxFvryCEMSAIBeKQJHX{WTL#V5N6^42a%Y*0bZ",
    "oCrswxqSty@NAQFJBvRuIMDUzEV2GKZLHXY}O3P1WT]:#^47%6",
    "qDMrusFwPVv$SHt1yxAXCNWEzBIJ7GULO!KQY80T64R|[Z25@3",
    "uqvyMPwxztGQ&]JrDsEFB<YACl!LNHOK@I21RST6$3XWUV05_7",
    "KW@ruHt4qLEsZvwCyzxSAPBFD!IJGM3X9&NVOQ5$RU7T,)Y01^",
    "wtrquVvsOyRBSCNxDIFA.GzPM5HJE|KL0U@3#TQ!WXY1*9Z824",
  ],
  [
    "qrRuKDHyxG3JOtQsCwFBvIAzP?LE5TV}WMZ@oSNm#2UX)*7Y6h",
    "BuDqstzJFcwHyArEvCx371-GIKON{URLQSZ6M4PYVWT02:pX5%",
    "GvtsQyAqBSFNuzrJx2Mw[CLD7RHEOVW)TI4KP1U5@0Xp_Y*|Zn",
    "vuEzxlqKGAsO3rw@Dt*yBI{QMCFJVLRZH^5NUPT6)2!Sf1XWY0",
    "LtzyrsIqXvHCx_KSMDGuEwF!QAB*0ZO$JUm2TN|RPVg14Y=W&6",
    "qxgKBt4zHsPIrwAYERvu1CyGDJ0TFO&WQN+SLMUV26?X3Z97:@",
    "uFtPWqsxvEIDAr{K*B^wJyXzLCUHR+NGMV4OT2ZQ6iS?1!@0Y#",
    "MgKsuTCDGtrOFqxwyAvIR2zBU@;SEQLH*WJ,X(NP431V87Y0[$",
    "kNr!HEwCqUByuAWtXszxvMDFZ%RISGlJLKPO58T72Q=Y63V_a0",
    "qVtxHswCL8c2vZyruFBAPKzDI%GEQTN45J1!RMOWYUS06?|=X:",
  ],
  [
    "Fsxv0BtXuzyDEqr1%IZP6w8JKACGNOH@MS{QLTR2WU*V^=Y&-o",
    "yZxsHjbvtrAIqJEC)OuwMDK6zBYQGNFX9TLPWVRU105S47!3,{",
    "2P&LIHuqtOxEzrBwsvK$yAD?WCTGFMZ(QJRSXaN6V903U!*Y5|",
    "rW2z^YAswIvxtqDTuRyBFPCHGJQKEXLMNZ9O47$U!#SV*+:085",
    "DLBUrtG(1MsFWquAxEwPvyCz{]OIZHKYNRJiT@_3XQSV,60!47",
    "7EvHARGrtBWUqxw6syCu,8FzMDTKI)9OJYQLXN5SPVZ+14$0&(",
    "qHursGxztTC(RAXBSvIOwD.yUE$FNMPLVJ:KQ)!=WZ3Y264_-9",
    "wtLqDruKyGCAOvsxM3zPRIFHJB-EW5N8Z@2V&UQ1TS70YX#4%(",
    "zxwvBFXrtLsqbA6JEyCuOKIGZP$DHN0S3RWMQ2&),^UTV8Y(1i",
    "FxGJuDsBbvwtAr{qyCS=zKINO5U9EHX1LP)MWR0VTQ36ZY4#@2",
  ],
]
`;

exports[`seed crypto generations seed-test 1`] = `
[
  [
    "GC%sNPt7xqvAIurHwJzyE@ZR,LBKDFXV3SOM2W(TQ091#Uo4Y]",
    "w6HVBWGysr!q&tuKxvLRzDAFM%CE>JQSNIPT_UfOZ9p1+X34iY",
    "z#GsKvUExyqwrAuBtQ:4L!ICDN^JMHFOSV5RP9WXZT$}3c2Y0j",
    "DLsNYqtyPvwX9ru}FBxCREAzW:GTHJZ2MIKQUO^i$V4S1073*8",
    "ztlruqBe-wvsCyxAIG6NVDR48hEH5^FMKJPSL1UOZQXT2Y+W70",
    "zu!B&FNtwZsVDYqr^vL#xAyIOCJEMKQGH*STURWP8(1%.90]X2",
    "sBvXrRGAtuNwIxWqCFy@UTDHzPKEM_Y&5LJ01#OSQ:837=V.Z)",
    "LuwvBHYDZGEryxq9tsAzTKCM1IJSFRPVQ04NWXUO;l672.5>3g",
    "tRY!uDIsJrwzXyBqxCPvHKFAGNOESULM=.9WT*2)1QV@6Z703[",
    "DGuNYvEO^srJBtyqCwxSFUAzPWKQ}XHILVM5=R.$34#!T096_1",
  ],
  [
    "xMtqyUsDzFwrJB$vYuQESGIVAWC1#KHN!PR3L4mOT,)X;6k0Z7",
    "w7qArt5BDCKuN]FxsvIyQXz}!ESZ2HGYJL3UWMOPRT+6$V#_49",
    "KyqHQws7tuzrA8WvJBT3xDGFLONCEMPU>I5|VeRXYSj61$Zb04",
    "DMf!rBJ3vQzKuysqtw6HE7xAWC;GOF[ZSINLRT14PV_82UX@0Y",
    "CzfEAqBstSr2DwuF8yT^vGxH7M4JQULN$I0KPOR1dpg3ZVWXY9",
    "HOSwrJztv2yXGqLDxsFuRA)KCQBE!1IN3MPW7TZ;0VhYU%68-^",
    "vwYquLKHsIANr0FztxBVPyC7GD2JMEXU<iTSR!WOZQ.1:$]369",
    "J6PwGrzsEK2qxvQtFuySB3W1HACDRMLION%Y(o$VZTp^{UdX>0",
    "BDr3LWFGtwCOq$svxZuyz-AKHYM5EINSJQ(1XaP0R>TU6*V_4[",
    "4rDu2JEyvUVCxqst^TwBFIzHASWG+XKLONM8Q36RP70?:Y_Zgb",
  ],
  [
    "DvkMEVqr-LxOwW{sutAyGB7zCHNKF6SPIUJY%0R5XQ;1T!Z)32",
    "Isuq7rJZELT&wtKxvBzGAHyDVFC1ORUXY^SNPMQg2{6W3-=0*5",
    "HAGuyvtMB0TwrqPxzs[,JNEKCF2DQOV73ISL8ZR1UX*W6(m@Y{",
    "IKLTAUDGOzqstHr#xuwSvyBQECJ$VFN3YM280RaZP(1h[*WX47",
    "qzCKAxwuUXPsrJyZtGv|DLBRHMFNE@In4TOYQ6]18V0S2{jW%l",
    "IvhHsOCBtGwzS-qrQDyuxMFXPAJTELNKR8U&V}<3cZ5#1Wd07Y",
    "urEDvAX2Jq8!GyMsxztwVNCFHBU7OSI5K]Q*L19P+TRWZ0gY64",
    "4K^2FrxquNtyHGJAswBzv0LC%1EID9T)3S6MVPROUQ#{WY87X(",
    "qcGyO4CBt5zsFXurMYxDvwQEPAIHJK0[RWTLS9N|b!U73V182Z",
    "xrDVA4EyuwGqI+vstzLWT3UHBCKYJFN2Q6PS0MOmRZ1@X&>85;",
  ],
  [
    "EwjzvIYrVtAMquUBsyx9CLPQFDGK(RHJ5N26O]^W_TSZ@1X74{",
    "xwBt7AN0HrRvyu=qs$DLMFzCQOKIEGJPSTm1X![YWUV258+n6c",
    "trCyqwsvMzGF0uS*8DEXKxNAIHBJOT+2R63LQW7PZU@=5;V1Y4",
    "sr7vH[2xEOzBqGy5wutCMSRANDIJLWF!KV3_#UQ1PZT+<YX8=4",
    "RIUDZtLYvP$r+sAqCxuwz0yJGFBEQM2HKO@SN%8W{m4T;XV5,6",
    "MxtJqzyGRA2sN#rwWvuF9CY0KBEDUOHIPSLX7$QVn1T463{Z!p",
    "yFzLJBqKvCwG[@AurstED<xMnIP$0NVHROX24SUQYT}+Z8W6=3",
    "AqJ5rBsI1yDxYuHEMUtwv]:Kz0CNF=SGO2LT6RXPQ&Z)8VW_#3",
    "KzkMJts@vY1xPruqCwG3y<!IADBEHNFO^L0T-WdVQSR24UX5}l",
    "!2AuqrQz$nxtTCEJFswyvBIVND%GMRLHPK15UXOSY.l3W[@Z0{",
  ],
  [
    "1AwKyZRquFv0DrTzst$BxHMCfQJEGP4NVI6L3OU^82SW=YX-75",
    "uzC8ywIHrLGBtAEqTsvJMVx&DFS[Z6WOPK02RN4!$QYi@U)1X5",
    "NEMqvwDyJsuBzxrPKAtOQFLS0&CG#I1HWUR-|T3XZY!k24V8+7",
    "srvNTIA^qCBut8{DwxHO0MyzF;E1KGJSRLPm_WV!Q@U}526XY3",
    "xt&KBDrSMqFzusAZEv8HwTIyR(GCOU%LJQN{c2P51W7XV$4fY^",
    "sDvC1rqQwtHNyBxEz;JuA<WFTG65YI2KO=LXZMo7P8RSUV(4$0",
    "Rq#tuxnwyWvGsrFH7YMBDzSAmICTEJKXN%OLVPQ+!6-UZ,^302",
    "AtHOPuBEDYyCrxwqIsvFz9SVUNeGJ!MQRKL18T2#^3+WZ6X0i$",
    "sTDr#zquLNvFOHx[BtwSyE:AQZJCUMG1XIKW%5RYPp0@3V*!{8",
    "Vdx4zsDqAIFuvrG9tywJPCHB!El0O3TML*KQRUN+S-8WXY6g2Z",
  ],
  [
    "QrysvHCq7uJwtzBAE3DKx@VXMNFGLR0Z6IS1*%POWUT:28Y4-5",
    "wBHvsLO@KxDrqytACPEu0zG6N#FTRIQJVMSYZiU]e174XpjW>&",
    "xItAuNwsRqFvKEzr*GyBC4#M$%D62S&HULJVXPOj8QT0WZ}1oY",
    "uPIDqAxEwtQNsvrzHMLXByRFCJ1WGU7O8K\${Y09ZTV#S@?5!2,",
    "Fzru1*OBLq_HAsTwGDtvyxJEKCIPeQW5MN!20RV^YhSXZU43@7",
    "DAqHFtzPrksxKLwCBuv4OyG8J1REN!IYSXM0[QTZ#2U3)|VW7@",
    "tyqAVTDzusvENwrYCQB#LxMKGJg:FIOPHl*0X3ZSR1U(Wd@5n8",
    "UPurXzqRtETDsvyOA#wGxKM.FHBCNZJI0S_L!W8Q]2*Y45V@76",
    "stxLCqBPurXy[UAvzSKwGDJHN|1E&RF$IOWYMT:6^Q)#;0V32Z",
    "GLFuEwmxvB=NsIrqtzADMK*yC82PJSOVHR794@T+Q$ZU}XYW01",
  ],
  [
    "vsSMLxquFE0YtDHrByKwAGNCz}UPXIZk%{J3OT4QR5^:@VW#(?",
    "tHVSqRuKC2zIyGQrZsvEw7xBXAJD-FMONP0L1#,YTfWmoU.43[",
    "yuIvBwJKqtrs{OP$Fx:E0CGQzAN6D5,MHTL(V#SRZ@UkY1XWo)",
    "DeAcvuPtBFGzqKysrJEMxwZSH)CU2I}QWVNL4@O#35RT.1*YX0",
    "tIPyAsDw0xqFBurE6OSJvK4CzMHLT(*GXd1RQ[NpWY_,UV93@Z",
    "CsL1qwBvuzIOFArStZx*y4TXGJQDEHKoPWRVMN296U-37>80=Y",
    "udrzvxtMBqUAHsFOy5Cw_LVZDJS7EITG&NKWYRQP1)2X6^#34<",
    "AsFrtVJv-Bq!xwKuEDQyHY6zUCMGNIRpOWPL{ST3l91|^Z42X}",
    "tRqEAr2BvysxILFQOCMuzw3X8GTHD6NKJPSV&W=i9!)UZ@Y,-1",
    "vUtrCuX5wpqHOLYxyszAS2&DE6BMFGNlIKJQ+]PR1VTW!4mZ0(",
  ],
  [
    "qosQELywCKzBrAvItZHuWxJ$ODYGXF3SN:7U-MRTP@V06581|2",
    "VxuNBtqQrMzKs6TCvwAHU7yJ-FIRDEGL9$O0SW^nP!1XZY25#8",
    "KvEBu2HFxwr=qYDystJAICz^ULNGPMX$4(5QVSROT39[0ZW16i",
    "Asz0HytIwrvq6uExNKCM]3BVSLD4TFGJP28OQ&7YRZ;XWU*)@n",
    "LuOsHtDCqzVMrBSAwQxvJyFT406EIG%UNRPK@e31XYW9{2Z$!#",
    "oFvxDS$s)ywBquHzrtOA@QIEUCWMGTJXL1KP&VNR6#9Y5h03Zg",
    "PTEArtDu-yJqswYIUKHvZxFBzCVGLSWO2QMN^oR_86!{9507X#",
    "IsEAuDvy@wzr2q3SYtx8G7CH0FBJLKPNVMTXR1OZ%QU#Wp)5}f",
    "vMODJyArqxuIwYsGQzt6W<LZEHBCFPTS};KNR$#m1XU+3V-n45",
    "MqKuvArLsC@t1UT4wxzyBHFYG:EDOIN82<JZRWPSQ30^XV]&i*",
  ],
  [
    "DsFAPxJrqIvCtuSUwBX6M$yLzGE08NK1H)ROYQ]gWV*T&Z_432",
    "3sFwvRHIyEqrx)ADutBzVM#JgCSNGOQL$aKYZlUPXW5bT@48%7",
    "F6RumrxztOSsPqwyKEBvDM2L%AGCHNIJT+Qc]V4YZ5Uk1W;3X@",
    "yruqCtwx-DzNsSF*BRAv0HZK6MGEPT|U=IJOLQ)XVWY3]528&4",
    "9Ps3uAzFtEqxwDrBQK[yvZCMVLf2HSGJ*IT)O%NR4UYX]>W0$6",
    "IwNuxyXCAJ=rvqFstz)7ELTDH-BKG2OPM1VpQ0RS$65UhW3YZ(",
    "DEtyxwrzvJsFHquBQ1A2IMCNYjLSKURG3XPZO6T04#!W8$Vba5",
    "Rs#EuqlZrWOtFwzCKyPBvAxD*L.GI]HTV6JM1NS&QU59XY374!",
    "IPvrAqVBxsz%t=uywMFCK<DTYHLXGE0&RJ2WNOZUSQ(5$-7b4*",
    "FrwG2tJEv_xZuzqs4KAyN)DBM0YCOLlRHIU(QXP%S#^TV=W-3>",
  ],
  [
    "xy(BuIAtvRCqwNDrsMEJ9KLzGHFOXV|23UW4QT8PcSZ1[50%!Y",
    "vsELJ#xKwFquABr^Dyt2NHzIVUCPQGM_WTO5YaR0?][SX1>4Z@",
    "sZqLrgGwMOvHDxy0CutN;zKABFEIVPJWQ!S@>R$2Ua(XT7316Y",
    "tuKsVrLTx)qAyRJOSWBvwzCE[QDF2GHI@7:UMN4P6YZ3=5X1;_",
    "busAEINqxL1vtrDBwyG4z)ZFSCHVX!fJOK8UMPQRW5mT%2Y6$3",
    "w@xvqMIyArEHsFtUuC7zJ$5BG{-RDQL1PKO6N)XTYSV?42#W0Z",
    "rqN0HtszxWbKwyCuFvTEABSDJM(^YIGLQ4!7O@X%PRUV[:1Ze2",
    "MrqUyIX!vsuwCTABtzEx=HFKPNGD0LO#J)RSW9*2VQ3Y15d648",
    "8ytGUH*wDvAqruExsQzFKY0B(NC)JISMTLOP!3XR567V1e@W+,",
    "srtzPGAEMYONq$-uvCxHIwyDKJBUF^RQT(Lh[W7!80SbV1@;XZ",
  ],
  [
    "BvArJFuTCsx0ytGqVPIwzREH&UDQpLKMZXYNO$7kWSg!23[1]=",
    "DqGwIKxu0rPFMszHytN7vET#AJBCL1U4ZV9Q2YO*WR{S8>3}X!",
    "rqwNE0BTCyuvYHxst&PLI+zJARQDFGOkS-^KM5$UWVX#3921*7",
    "uACDqFtzsHr_PIEL18wvNBxy^OUKJXQG!0MT,ZSVR2{Y&W75@%",
    "uGsrZqyALPtvzC3w|HxDSWORBFEQ7UTJKIN1MpX-568%YoV=!e",
    "ALuy1vtFqwx#TQSrWsBKUJzEGCD(IO3YH5NM27P0X<RZV8\${!6",
    "qMYs8D3vwBAtu)rRHxQyCzP{FIENG^0SKLJU@Od1ZWT9V4X5-7",
    "wZgADErsqmJxutURvKIHGzyBFC9LTYWNOV5XMQ$2P3?S418]7=",
    "MuKqR9Qvxzwr6NstASUGHB8yJD7CEFY0TIOLm3P2X5ZVW#{k(1",
    "GIOAqDBsv_yErxF0MwtuZJCPz%1RHfLKQ=3UN^S-&T5VW]6X2Y",
  ],
  [
    "MyH0ruzSqFsDG3vtJPxRBwCA!E:L-+TKImUQN9OV15X67^4WYZ",
    "PCyvqOtsTuJAzrDSM]YwRxIFBcHlhEGK3+NUL<5Q8WV9$71ZXj",
    "EuDyqMXrSBt81vZws2%IOCxzANUF9PHGJQ,KL@WRT47V*Y3!65",
    "NuPCK%qAstXBvzrxOGEwIHZyF6D+LY4JRM.UQT<S0gV#dW1297",
    "qQwFEpurGxsIH+5vDMtAzBCyZSK&JR0XYON@L13PT7U4WV_8.2",
    "wn%GyFsvrqCzuY0tD2KxHISEABJMLTQPUNO4(l18!eRV>*WZX9",
    "rktxFEv0^zDwuGqys2OJB(TLHAQCK@NMI47PS?W8URZ3YXV$l6",
    "tsYukqDvBFyrwG06MIAx.PzHJEVC$K&SONLQXWRT9%3U_,|Z1!",
    "NwQIRBstrOAqy9uv(PGDxCEz0HMJFT%SK4WL1VZmb&U5XYe-2{",
    "uwZqUFVvyBn@s=rtGTDxzNEC2AOPILJH5%KM0SRW3Q!7[{kXY4",
  ],
]
`;

exports[`seed crypto generations seed-test with custom parameters 1`] = `
[
  [
    "vrqw6-MzxB",
    "ErHtuT8A)w",
    "BwSxCs3NKG",
    "qvCLsFwxtr",
    "ILusOFqRr)",
    "qyBxRzLDIC",
    "zrwRuCqstB",
    "yt6w3ATu)G",
    "GBKsRMvrD_",
    "wLCNq4yFsr",
  ],
  [
    "vWrtx*wqzD",
    "FsHfCtANrz",
    "FtKyGBEszq",
    "GFDquAICzK",
    "yqrt0uBvz_",
    "XltzuqrvAK",
    "w2qYHgzxvu",
    "vAtT#xSXLr",
    "tBsErwqOAx",
    "DOtTrz6Nwu",
  ],
  [
    "zrvqKtxEu3",
    "rwyBvqjGut",
    "u7qtLxsTvN",
    "qIwvstrFxu",
    "LNDkzqBEvu",
    "ZzwK7Lyxus",
    "qrXykxGtQv",
    "AsuMqx*ywE",
    "tuyGrF&wqc",
    "UsrwuqJtvy",
  ],
  [
    "^syxVvIGzM",
    "wuQBEzxrGt",
    "qrstPuTC#S",
    "SNwOxMrDyE",
    "CwDv0BsyuE",
    "RAOxKr2L4t",
    "LQrkuIxDBt",
    "wIr]BFztCx",
    "xwyUsBLAqt",
    "FBEvwVsPur",
  ],
  [
    "rCHqxFJWy4",
    "eBAwxSyVEq",
    "uMw4ArBsPQ",
    "uAqCtSvs4r",
    "su8rtTAKHv",
    "vxs2DjPBqu",
    "GsB3trxquM",
    "MyGzutAvFn",
    "jwyIDUEKsq",
    "NILCAtvEry",
  ],
  [
    "XyGzDuIsAw",
    "DFAs5qVwtr",
    "uv*JDAyqHr",
    "HDFtr&BGqz",
    "OqJvutsGST",
    "KCNAqxwvTO",
    "rDwsGtJNqy",
    "SDstHCxuBy",
    "xurtPOHwqv",
    "vCIt%AyGMx",
  ],
  [
    "&OZhySsrtB",
    "rtCMyFqWvu",
    "u9sZAq(yxJ",
    "QRvEtwTCPx",
    "vrqIACWEsB",
    "tDKSxfqE!u",
    "sqPnyDwGzv",
    "HDyxvrzVw7",
    "qRrCMz42tZ",
    "yzE%BvACQO",
  ],
  [
    "R9yYuZvArK",
    "xtPvXFr5qR",
    "QJuwBsxrv!",
    "usFyr@9tLq",
    "qsxAuOtNZw",
    "t8wxRq*CrO",
    "3KCZqvrAVw",
    "UzEqJv8yGF",
    "oEtCFsx^cq",
    "svRtxqEOND",
  ],
  [
    "rswqXEtPYS",
    "qIsCMuy1wD",
    "BuQMErWtSw",
    "FCwJusbNDt",
    "KRs8Vtvwuq",
    "wV-SsFAE!z",
    "H6BsyI(wrn",
    "LtruIzvsSM",
    "xvr6EuNtVP",
    "Vsz#KqtHBr",
  ],
  [
    "tvwqsH!RDB",
    "gwDNSAHJXF",
    "IxrGsWuAzw",
    "vqtgAxzGur",
    "yrvVzNsuQ2",
    "uEzytsXBCO",
    "rIzHAUPsjy",
    "t9NyGTu3Dq",
    "yz6BtQrFqx",
    "SqAKsJx$PE",
  ],
  [
    "CsyXlqrJuw",
    "yFKCEAzqrt",
    "qOuHxGtA0D",
    "AFLqBvQrCs",
    "FWAtrBLOuv",
    "EGqvsuAY1Q",
    "qsrwULG%tu",
    "7yuPIqcStB",
    "NsqxvEVuAF",
    "$KVywsQIqu",
  ],
  [
    "AvtMBsGIlC",
    "jzsxISuwCr",
    "UF8vJyCAqz",
    "qywCtJurPF",
    "GFuvyNsrRS",
    "9LrZKYDsuq",
    "N@ubvrsyzD",
    "ysMKr2uJwY",
    "tLDwPsqMrv",
    "CVrEqwxv!Y",
  ],
]
`;

exports[`seed crypto generations seed-test with custom parameters 2`] = `
[
  [
    "WtvqH81yxUAIVr",
    "FsMvIrQqtze8EB",
    "5BLxvtyrD8Kq(E",
    "SAvPzusrtwLxqJ",
    "sqCtPrDw-VAySz",
    "xNLDqWuzApEJty",
    "SK9Cqruz3vxAws",
    "FCuQqwOByJszAU",
    "sJqHfztrAKDuvC",
    "vqrHFuEBMUtx[z",
  ],
  [
    "qzRCByJ#Ot=ruA",
    "rqEL2HvsPACW4u",
    "2vrqxD7CsNtuBA",
    ")MHqBu0xwAvtsJ",
    "BDy@xrEvqPY6tu",
    "QqZRxrstJKPCFD",
    "etOQErARuKqwsx",
    "Z6qCaJrywzAtBv",
    "vyBZtqHDs!I#OY",
    "DHyzMvsqkESYAr",
  ],
  [
    "GU6rqI3sZzutBE",
    "CJsrAyEvuRzKqx",
    "CFY8quvGsrHztK",
    "wvtIKxr%uqsOWE",
    "rvHtsuqNDz1MOJ",
    "TBvO0WxDtCyquw",
    "K2Ltu0qdDIEzCA",
    "rxwMjItVGOuzEs",
    "SHFtVv4%zJsurP",
    "CwyJrxuIvzsU1]",
  ],
  [
    "ygrEwYjsP1Fuvq",
    "CDyJqvutrsEAQX",
    "AutBL-rXwCq0xs",
    "ytvrHuxDzN6TKq",
    "tqRes8yVG*9vJD",
    "Enqu9VBsHwAzrt",
    "Ow1vrSyzCIs-QF",
    "wCEMtRqzBPrxuy",
    "XZrDBquvyzKNtC",
    "B4yqEGru#Ostzx",
  ],
  [
    "Gqbzi9Dx6utBwr",
    "C2qsvTUuwxzrIF",
    "quYtzLrsJwBvEZ",
    "GsEqtWuzRvBxrF",
    "txKvyFEGrZu3CJ",
    "#qryEtJZ0vBYAI",
    "PSq7vXUDrJts[B",
    "NOJwQKtCxqrs!G",
    "ysuzpR#rvCwEAq",
    "FfqIBCtErMx^2s",
  ],
  [
    "ERrmuAtQwvJWBq",
    "Jl2uxtNey5wLrs",
    "yKuqxrstLBATvG",
    "wsvVxEM7ztGruy",
    "yClrt1hALqzvxG",
    "CytFvKLwq_D!ur",
    "wzFq!suAcBxKLy",
    "zstAPnrxJyqwBu",
    "$rVu2DBtqzFWOI",
    "xuIHwEtRCrYqOD",
  ],
  [
    "yuBzsqKGDXrIwO",
    "_vALHuCrWxyVsw",
    "OExuBqrNLtwDIs",
    "JArxtyRqswvLGH",
    "TqQty0zuI4rDwV",
    "ArquwFSvtGIsyE",
    "sSvEM5nDrqztQx",
    "vuOqys#BI0CDG]",
    "LWtCAuspT)Oyrz",
    "JSqxyZwIDrBzTu",
  ],
  [
    "svK0yBtuxr+GCF",
    "B2vQGtqy-HNs*S",
    "txGyrCuqR0HLs%",
    "KqAC2Fxrvy3wtJ",
    "KryswtBAIuxq1O",
    "LyCrODzx6YswE^",
    "2I^tExuTwC0sqv",
    "zuCDyrOAwxYstq",
    "NUwtDsAvWCx8rq",
    "wstVqIMvLxrCF(",
  ],
  [
    "sZrxISzqDuvyRw",
    "LJu6tAUvHExrqF",
    "tJxEqWsUzOrvGw",
    "CNvSsxGXIzytuq",
    "srLBwpvxTutUzy",
    "vDIqYrtsC3y#B9",
    "txu7WrDw&IyAzq",
    "M2y!tIFGuKqHrv",
    "xvBr!FqwG9sZuA",
    "uqJGIERwx3ztrK",
  ],
  [
    "ZSyBJiqtDrzNuL",
    "squxyTwBCtFzvA",
    "6DuEJxIHsq0tr1",
    "wuBCLdsMqyxR7t",
    "sWquyxtL0_rTXF",
    "uLKsCHrEzxq#Pt",
    "FsyArtMHw&xVuU",
    "yzjvXqDrwtMHCu",
    "zGDMAOLqRs5Etv",
    "AzGsrjvKwtqu0]",
  ],
]
`;

exports[`seed crypto generations test-1 1`] = `
[
  [
    "sv*R2uyqHCIZQtrJESLwAMxzXBDGK5F|T$P7NO13UnWY%V:)04",
    "ExA$C^IzruqysN{tBPKwvUD4FG!1HWJSMLRgYjQOT8V(5X+m_2",
    "GYi1RuqCHwtrFx-EyszDvBA5O0SKIN2JXLUMP%#VQT3Z>W87.6",
    "H5qscBrDuIFytxGQWwCvMAzZO6EU3KJTVfSLP#NR2!07Ylp*X|",
    "E1DsWwyrzSutqHJNABGLvxQ4FICUMZ#^KOPRV80}2@6XT5%:Y=",
    "utq1rvEJDCsN8zUFxGwQLy72ABKIWHRS5OZTM6V+Pk,)Y!^X0&",
    "wKsJYWHFv89rzuqtGxNByECAIPMD+XS4RLOVQ=1UT0d67]:gZ(",
    "yxuvBzWGrMsYtD!qELPwAJI8CN5UHF9KO7S3Q%ZXiVRT=1024-",
    "tq1EzBrvDxGOywRsuUAH=CI_MmPLSYFTQJKVNX754$W)!&82#Z",
    "BqJKxDH3rtRyuAs}vEwIzG7LCM)1NF$OXSQVjUZ+P5TY#!Wd20",
  ],
  [
    "qrHaKwtxIzyLDvZJsFuUNA>BEVCQYTWGOPM52d1XR@S;0[9_7&",
    "ruFtPqMvDxyswCEGOA10.z7RBXILNQYfHJ;K-ZSWTj@V3U|5$2",
    "vCuyxL=sz-4qrEGNt3DBwTSAOPJFIHUMK0Q1WR+%Z2V*.<86XY",
    "oq5VNsCwvEBurtyWSD!zxFGAH3P0J)LKQIOT*MURa27Z1@-X}Y",
    "3G&wBIqsFruxC]EvVtyAD1QzKY_O4RMHJL9SNPTUZ70@*6XW^2",
    "AuzsM0rR4YSCytxqIFvwGLZBKDOTEN(XHJP.^UQ6W@a78V#1b;",
    "EAIKxrDCtz6uy!qsvMLwSOT$H3BQUGF80JbYWNP&Z;R@9V52X7",
    "BCsDAYQqtlxyv-wTrNVuEGHFzMJIh2WKS1LO4Z&5PRU$X860,[",
    "kqywrzB1t8us0GvCVTxA^ODEKJHF9LMPIW2NlY5RQS]j@UXZ74",
    "uwrSyLqP4Ut7ICxKBsDv3GAzEF>OXTJMHR01NQ&@|!W%ZYV$*]",
  ],
  [
    "tq9NwIxEAusFyr_HCJW,vSQDzBU08VGKMZ2OL+PR1YT3$>*^X!",
    "KSuzvsFxBOYtHwrqyMIDCAETRfGQL,JPN4W)5X6U(jZ-a1V320",
    "DNAstRwxLurOMqF}VXIvzEyU8CBG4P#HK3JQ16SYW^T*Z05]@&",
    "TtuOsyvFE1xXBSqrQzwCA3KD$GHW=JLmRIMZNb.PV24U%90^7Y",
    "tvuqHMNLEYTBsFrwyxKzGJ5(A,CDI@d$OP_US0W1QR2V[=#XkZ",
    "x#OCyrsHAqBtWEFwv;uIzM67RLSDPJGNQZKYV)T[!X(9U420o8",
    "XK1OBvWuwtrsYqHAxzIyQC-FEG6(DLVJNRU@PMS3fT.#<4]05Z",
    "qNytbGDVuvrxAz^wJsOU-9B+FCHW0EIKLRQMS1P!TZX25=Y$47",
    "qsEyz*QJHwrVXD5tuCvPMxZAnGB4IFa&UKLSNW|OTRY2_10$3(",
    "FuvTD]sMALwPqrz10CtYx<ByK{JEHIVGhQO8NU#S4ZR7X5+W^.",
  ],
  [
    "Ar7OusCItMwEPqvDBx5T)y=zUF0HSGK%J@LRZQNWX-1(#V4Ye9",
    "IxzDtFvArueEqYsKU8RywGHMOBCSJPN4Q&bL!%?VT0\${WXZ12@",
    "wXxFstzMqrLVyvKuI6PEODC?BAH8GJQj%NRS0_i$@UWT4Z=5Y1",
    "BjyFvrTKzusxqJP#wtLEQ6CDAHV0NWGI)R-ZMXYO752S_U143%",
    "VGuHtXy4s1zqFrKCvEMAxwDBPJIT2SY3QONL{@!^W0RZ|U=7&p",
    "GBrTJOyx#KNWsSqDvtFuwHzACVEbI4XMQ{PYLRUn$!73=0@91Z",
    "su2zIvrOqtCKwMFB6xRVAyJG3iEHDT0QL4S@aPNZW9_XU7%8Y:",
    "XmrxvlAuNBIsqtGKDHywzC73P&EFRQMZOJSL4!06%+VTU9W2[Y",
    "urqKGEvHRsJ1tyxFz3BwAWLDUIOCX5MV7kPQZNb%2T0S-8$Y(4",
    "BvtxsqFH-yzJrPu7|OGwD9XAVELCYKI!QUMNSWR0T1:(Z$%8)4",
  ],
  [
    "OGNBswvurqEIJtKzSHPAxMy@FCD^%]1ZWLRU-Q07V3;T!Y(pX2",
    "IwvErxJtCqDs$yB8^zuK5ALMPFN=GUeHQRO2TXW<S@-{Y0VZ64",
    "E81$IvuCDyAxqrst2NzwPUHTGFB#LJKQO07oVMpXS5RZYW<i96",
    "qtLPvzywFGuC[rs0AVKEx2T3QIBHDNM&U|JO{Y,R_SnX6W145Z",
    "sVIwy7JvxqWrFtzEABuN:SLKX&CDMG^HOZPTQ3R4Yk$6Ug!10(",
    "Itsu0qrG5ASEFVzBCwvMUyxHPTKDQR8(iXJ3LON1W9$7Z{Y+_;",
    "#F&AyDusTtvq*SBwrEHPz0xYIJMCGL8KNOU7jQRZ)6X%Vf@W]4",
    "AF^szVUTrutLvqNwXxCyBKDHJE%.G&PSIQOR4M(Y107,3-W286",
    "qutyKwSxPHvDBOrGJs;#ICA2zEYQNFLWM_X5&fR(T6ZVU1^+84",
    "qNJyuvsR#ArLzVxwt35CEBS0FIH*DQMGOKY1^T@P$2U%]WX64Z",
  ],
  [
    "tGSuqAsmCzIwxVvMrLFyW{EOBTYDNJHKkPQ2%&4RXU90h18@6Z",
    "8RzECrvq&K5F6twusyDAxBNHVOJILG@S3Q0YMTP{m1}U-XW;4_",
    "3CWPuxwMkrNtBqsXzv)FyVGAJ@KEDLHUOIZQ48oY0R1ST2#5j%",
    "qvQBuVNUtIy7GzrACsWExwKTRDJHY%FMP4L#OZ0n9@gSX3^1{5",
    "uQUshLqBtRrIGv20JKxwyACDzESHZPF.YMON5X#^-73TVaW]4(",
    "YJ9rwzRKCsduHqEy+vtMxBA1NFID-LOG50X3U7TPQZSW%V@2=>",
    "MItJ5squBxEvAr!GyLCwDFz&XS1ZH.7PQVK6NOTR0W+8Uf,Y43",
    "qA0YVICBrw8REvsSx&tuGKDyzPHJ(FT4QMNOLXb@)$325U#WZ*",
    "rBIsqSNyLAPDuwxtvMC^QFzGH[8)JE6T*UVK:O04YRWZ2&@X(!",
    "FqyWBEuVsrGRv1KwxtCZIDzQ!APL5Hf0NOJSM&T2^UY@)8*nX6",
  ],
  [
    "Ntsr72ZXBqvJuwCQLKDxzyA,EFHIVGPOT%MS1|RUY8-@5(#W_0",
    "uwzBKvFPq-Hrs4NxDtAy.CEVMXLGSIQO9RJZf:;5#U>TW27Y16",
    "BwytJx1TA0Fvqsru[ECMD!zSIGL*HXOcKR5bPN,QYWVUZ4_$9#",
    "3qAzEsrwYNKHCxu8t5BDv[RyJOSIWLFG#PM]TX@_UQV)02Z19$",
    "pqrGtyE#IFKLDsuCwx$OvzJQABM7*SUH^2NRPYZ834V0T@XW;(",
    "xqyYQLz*kwrF9uABs-tvGODCHMKNE>SIJRVT{XP3UZ07?]1W46",
    "SvBEqJWC5MrswKDytHPuxz8UNA0FVGIf26nTLO7QYR}Zg&#1Xd",
    "qvAyw4htuHzErsUL|CJx^IGVS*BDF0XR7KNMPQOT)21YW$!3_Z",
    "qKE4wHvrBztAxM{WUsFuyIC=JTGLD9SPN*<]OZ0QR32Y#lVX+1",
    "yAWx$wuMqrNvUEDt2sCzBFQSG}JI*PRHL!OK7V09XYT]#Z6k^1",
  ],
  [
    "JxCuDyrFHtLPqKsMBvz,OwGAVE?IWN#lSRZX=T10!QU4Yp37(8",
    "wHA6yqSsU-0trKuIECFNvLxzDBGTWe1(JYZOMX[^PQRbV>%h4+",
    "tCrz_xDwyOJs%quMIYvZE6!BHAGKL5FQ3SUW@eNRP214T^V]X8",
    "ALrNsIGxyFtBvJquwC4PHX&z7UDEMhKcRWQV9kOZT2SY!%01}5",
    "ytwSFNErxLqACIs)BJKuvDQGz9XMWOHZP71R_2|6VTU03->Y#^",
    "SDw1ruq^stMIyAvGJLzxPVCFBHX6EQ0KNR8O,U4TY7$2W5Z9o&",
    "@zJrSWwDvqxGAsBYutE*yC>LHT%FKQRIMOXN<52P0U7Vd6Z3$^",
    "KNsuIwrCHzqUv6y#|Tt4xFABGDSRE2JO&f1ZLMW7PQ[V$XY0j;",
    "r3D@qguLSexzstAyGwv=OKFBTCPHEMIJYRQW0NjV1Z9U45?)X;",
    "BruxvstqNGCAyL^zKwHX.RDOEWSQFJYI4Md0|*P7UZV8T%1362",
  ],
  [
    "qwdDZBAXvJStuIHrsExPLYyMzFC9$G10UKO!VNTQR6.W278[]4",
    "wvDiBsrA!uGqxLHyJtE0XKzRCNTF}ZI=_O5QYMP8SV@1UW&432",
    "GsqzEJCrvwyLRQ0DtuBxHAX!VK3OFP%ZNISWYM6T5$@8;U7b#2",
    "ytsPfq9zrvKE%D&uAIUxwSFBM$QCJ7GTHLNO0RXWV2|1YZ-3;@",
    "qILtxVKuszRHAySCr8DvwFEM&B@UGP.NT0JkYQOWZ!#X{3)147",
    "CBsrVyzDut1AwSKqEMxvGION3RHF2#5JPL%Q7Z!YT&0UX+Wi^)",
    "tXSjLuCTzVrEyGxqwsA9vD67WFBKNHJO5IRP4M@QY2d.nU*3Zg",
    "SFqYrBAyUwsxtCzXMOu3vENHDRKZGJV^ILP5W8T0Q1;{g|9)d$",
    "&5YqtCuwrNMG)xvsyUPVAQEzZWBTDFHIKJR>L7O1=S4*}.X!23",
    "%qwyFRsDUuxBEr5}CvtOAG1zH07JWIM3TKLPSYNX$Q!V#-=8Z[",
  ],
  [
    "tBD6uqrJzOIvxsUEFGVTwSyRA1CfMLH3NQXK9Y2(P5!W+0Z]^=",
    "KtHQsvuwrGAPqSzCyIDxEMWB5F=7!1TNJL0ROhVaUc23Y.X^@-",
    "(qsBQJuFzOCvyrw}Dxt1LEG9AlK6YI!UHPV0NM.SWRZTX{@$8&",
    "qsgECvrHBXyztuAwxPR,3GDINOQJFLnZKST8M%V2UYW:54+0#_",
    "FEtrGpiAvqLwuCzDsYxBy1$UPWI5KHNQJ0ZO2MV9RXSTn43(!%",
    "BqygNCswXDKMtuv4rLA2EzxHVISh0FGPRJTQO|Y3U@*-W[lZ^7",
    "PRutwyqxHCmrAvQsGINXDLzB%&TFJEZ4M8KOW1Y$S9Ud3*V05,",
    "tPuxArTUsqHwvNICYK#,BL>yzG3FDE%7J4MQV[OSWeRX^o1Z06",
    "uxXUEPJtvzqrAsFWOy]0CwBRDGKV7*LHNI2Q$M^_TYS?#64[!Z",
    "DQKrHwutq_JBFPCNvsEzxAy1SO60MLG9IV*$WTXU,RZ]>5Y2)%",
  ],
  [
    "DwsI7xzqTUvrCt%uKyEBJ3A0HgPF#NLGX;MOWY6Q(SR&15V=Z9",
    "sTVvDC*)wyKGqtrRLzuJFSxAOEBHMI4Q@3%NPWY,UX1}!86dZ9",
    "D4tsKGrEVxquPOBFAXIvwy62z,CUMHN3TJSYLQRm#5f@W1Z%:0",
    "qHrMtSBENIx(uzv4sPXyJwAGFCTD]KO,@L3QY01-+R[WVU<692",
    "wvGrtCz*uIHq@AysERYVxKJBNDLPFSTUWM2>XOQ^$-60iZ39k<",
    "BHQVWqwuPbAOrsxGvtFyLz2DJC6E5SKRMIXT1UN$YZj48[@!30",
    "AVsKyrwTqBu%vxItRFHz2MO]UEaCDG!LJNSP45QY0Z1W3$X8-&",
    "wHBDF2rsu#1tQqNvxyK,zAMC489LEUIGfJ6OSVT@PZRW&Y57X0",
    "#T1FupPCtrKsywqQNBzAv&xGMHDJE4V0LIYSRUOX(!}7Wh823Z",
    "ztJEHsAI5yurBPQqwCXvS,x@FnDMGZ)N1UKYLkO0TR4]VW%92*",
  ],
  [
    "AGxMN1vwztyr8qDsuHCO#IXTBKQFE{L-J5YfkUPR4hSWpVZ09@",
    "GysH0xqABKltv)rwuM:Cz2EJIND$YZF9TL^QS1OXPR?WUV5&3#",
    "qxwTDQCtGIRPArEsuNVHvByz#JFUhMYLj9KXO[(04SZ=$W3156",
    "rtuvGxQsCRIAqw*DKS4yzYMBE&HFPUJOX8L23ZNV?-T0$@^W76",
    "urCvQMWKys1ItqRDxJzwTXHNABEG!F*LSU+ZO$PY3#V90.4&a5",
    "x9AJurtFqWRGBLKYsvy3PwCzU?MIDE;2H8ON51XeTQSV6%Z74&",
    "2tvyN@J^qwru-I1BsEAxHDzPCZFWQG*LKO0M56VRT,XS4U8Y}3",
    "zvOtXqALMrRGuwEKBs@xyQICND3|SFZ&HJ2)P1!0VW^TUY5%9#",
    "DvqHKExIsGCyuBtNr|RwzO,WA@6SFPLZVJ23jM0QXfT)YU7&^1",
    "r5qv3xJstYByF2CDKGwuAz4IP8OHUE}LQMN1RT=?SZ;VX[W|0&",
  ],
]
`;
